The files belonging to this database system will be owned by user "postgres".

This user must also own the server process.


The database cluster will be initialized with locale "en_US.utf8".

The default database encoding has accordingly been set to "UTF8".

The default text search configuration will be set to "english".


Data page checksums are disabled.


fixing permissions on existing directory /var/lib/postgresql/data ... ok

creating subdirectories ... ok

selecting dynamic shared memory implementation ... posix

selecting default max_connections ... 100

selecting default shared_buffers ... 128MB

selecting default time zone ... Etc/UTC

creating configuration files ... ok

running bootstrap script ... ok

performing post-bootstrap initialization ... ok

syncing data to disk ... ok



Success. You can now start the database server using:


    pg_ctl -D /var/lib/postgresql/data -l logfile start


initdb: warning: enabling "trust" authentication for local connections

initdb: hint: You can change this by editing pg_hba.conf or using the option -A, or --auth-local and --auth-host, the next time you run initdb.

waiting for server to start....2025-10-05 14:06:02.375 UTC [47] LOG:  starting PostgreSQL 16.10 (Debian 16.10-1.pgdg13+1) on aarch64-unknown-linux-gnu, compiled by gcc (Debian 14.2.0-19) 14.2.0, 64-bit

2025-10-05 14:06:02.375 UTC [47] LOG:  listening on Unix socket "/var/run/postgresql/.s.PGSQL.5432"

2025-10-05 14:06:02.377 UTC [50] LOG:  database system was shut down at 2025-10-05 14:06:02 UTC

2025-10-05 14:06:02.378 UTC [47] LOG:  database system is ready to accept connections

 done

server started

CREATE DATABASE



/usr/local/bin/docker-entrypoint.sh: ignoring /docker-entrypoint-initdb.d/*


waiting for server to shut down....2025-10-05 14:06:02.530 UTC [47] LOG:  received fast shutdown request

2025-10-05 14:06:02.531 UTC [47] LOG:  aborting any active transactions